// Jest Snapshot v1, https://goo.gl/fbAQLP

exports[`conanswapV3Factory #createPool gas 1`] = `4557092`;

exports[`conanswapV3Factory factory bytecode size 1`] = `24535`;

exports[`conanswapV3Factory pool bytecode size 1`] = `22142`;
